// Jest Snapshot v1, https://goo.gl/fbAQLP

exports[`MonthActivity should render correctly 1`] = `
<div
  className="monthActivityCont"
>
  <div
    className="calendarContainer"
  >
    <div
      className="monthNameCont"
    >
      August
    </div>
    <table>
      <tr
        className="dayName"
        key="0"
      >
        <td
          key="0"
        >
           
          Mn
           
        </td>
        <td
          key="1"
        >
           
          Tu
           
        </td>
        <td
          key="2"
        >
           
          Wd
           
        </td>
        <td
          key="3"
        >
           
          Th
           
        </td>
        <td
          key="4"
        >
           
          Fr
           
        </td>
        <td
          key="5"
        >
           
          St
           
        </td>
        <td
          key="6"
        >
           
          Sn
           
        </td>
      </tr>
      <tr
        key="1"
      />
      <tr
        key="2"
      >
        <td
          key="7"
        />
        <td
          key="8"
        />
        <td
          key="9"
        />
        <td
          key="10"
        />
        <td
          key="11"
        >
          <SingleUserActivity
            handleSingleUserActivityClick={[Function]}
          />
        </td>
        <td
          key="12"
        >
          <SingleUserActivity
            handleSingleUserActivityClick={[Function]}
          />
        </td>
        <td
          key="13"
        >
          <SingleUserActivity
            handleSingleUserActivityClick={[Function]}
          />
        </td>
      </tr>
      <tr
        key="3"
      >
        <td
          key="14"
        >
          <SingleUserActivity
            handleSingleUserActivityClick={[Function]}
          />
        </td>
        <td
          key="15"
        >
          <SingleUserActivity
            handleSingleUserActivityClick={[Function]}
          />
        </td>
        <td
          key="16"
        >
          <SingleUserActivity
            handleSingleUserActivityClick={[Function]}
          />
        </td>
        <td
          key="17"
        >
          <SingleUserActivity
            handleSingleUserActivityClick={[Function]}
          />
        </td>
        <td
          key="18"
        >
          <SingleUserActivity
            handleSingleUserActivityClick={[Function]}
          />
        </td>
        <td
          key="19"
        >
          <SingleUserActivity
            handleSingleUserActivityClick={[Function]}
          />
        </td>
        <td
          key="20"
        >
          <SingleUserActivity
            handleSingleUserActivityClick={[Function]}
          />
        </td>
      </tr>
      <tr
        key="4"
      >
        <td
          key="21"
        >
          <SingleUserActivity
            handleSingleUserActivityClick={[Function]}
          />
        </td>
        <td
          key="22"
        >
          <SingleUserActivity
            handleSingleUserActivityClick={[Function]}
          />
        </td>
        <td
          key="23"
        >
          <SingleUserActivity
            handleSingleUserActivityClick={[Function]}
          />
        </td>
        <td
          key="24"
        >
          <SingleUserActivity
            handleSingleUserActivityClick={[Function]}
          />
        </td>
        <td
          key="25"
        >
          <SingleUserActivity
            handleSingleUserActivityClick={[Function]}
          />
        </td>
        <td
          key="26"
        >
          <SingleUserActivity
            handleSingleUserActivityClick={[Function]}
          />
        </td>
        <td
          key="27"
        >
          <SingleUserActivity
            handleSingleUserActivityClick={[Function]}
          />
        </td>
      </tr>
      <tr
        key="5"
      >
        <td
          key="28"
        >
          <SingleUserActivity
            handleSingleUserActivityClick={[Function]}
          />
        </td>
        <td
          key="29"
        >
          <SingleUserActivity
            handleSingleUserActivityClick={[Function]}
          />
        </td>
        <td
          key="30"
        >
          <SingleUserActivity
            handleSingleUserActivityClick={[Function]}
          />
        </td>
        <td
          key="31"
        >
          <SingleUserActivity
            handleSingleUserActivityClick={[Function]}
          />
        </td>
        <td
          key="32"
        >
          <SingleUserActivity
            handleSingleUserActivityClick={[Function]}
          />
        </td>
        <td
          key="33"
        >
          <SingleUserActivity
            handleSingleUserActivityClick={[Function]}
          />
        </td>
        <td
          key="34"
        >
          <SingleUserActivity
            handleSingleUserActivityClick={[Function]}
          />
        </td>
      </tr>
      <tr
        key="6"
      >
        <td
          key="35"
        >
          <SingleUserActivity
            handleSingleUserActivityClick={[Function]}
          />
        </td>
        <td
          key="36"
        >
          <SingleUserActivity
            handleSingleUserActivityClick={[Function]}
          />
        </td>
        <td
          key="37"
        >
          <SingleUserActivity
            handleSingleUserActivityClick={[Function]}
          />
        </td>
        <td
          key="38"
        >
          <SingleUserActivity
            handleSingleUserActivityClick={[Function]}
          />
        </td>
        <td
          key="39"
        >
          <SingleUserActivity
            handleSingleUserActivityClick={[Function]}
          />
        </td>
        <td
          key="40"
        >
          <SingleUserActivity
            handleSingleUserActivityClick={[Function]}
          />
        </td>
      </tr>
    </table>
  </div>
</div>
`;
