// Jest Snapshot v1, https://goo.gl/fbAQLP

exports[`Header menu btn should render correctly 1`] = `
<div
  id="headerMenuBtnCont"
  onClick={[Function]}
>
  <div
    className="headerMenuBtnLine"
    id="headerMenuBtnTopLine"
  />
  <div
    className="headerMenuBtnLine"
    id="headerMenuBtnBottomLine"
  />
</div>
`;
